Working directory: /home/max/Documents/Diffusion-SDF/scripts/../verify_output
Split file: /home/max/Documents/Diffusion-SDF/scripts/../data/splits/couch_mini.json
Device: cuda
Epochs per stage: 3
Batch size: 4

============================================================
  STAGE 1: SDF-VAE Modulation Training
============================================================

loading all 173 files into memory...
  [PASS] Data loading -- 173 instances loaded
  [PASS] Batch shapes -- pc=[4, 1024, 3], xyz=[4, 16000, 3], gt=[4, 16000]

Training: 0it [00:00, ?it/s]
Training:   0%|          | 0/43 [00:00<?, ?it/s]
Epoch 0:   0%|          | 0/43 [00:00<?, ?it/s] 
Epoch 0:   2%|▏         | 1/43 [00:01<01:03,  1.51s/it]
Epoch 0:   2%|▏         | 1/43 [00:01<01:03,  1.51s/it]
Epoch 0:   2%|▏         | 1/43 [00:01<01:03,  1.51s/it, loss=15.3, sdf=15.30, vae=8.1e-5]
Epoch 0:   5%|▍         | 2/43 [00:01<00:33,  1.24it/s, loss=15.3, sdf=15.30, vae=8.1e-5]
Epoch 0:   5%|▍         | 2/43 [00:01<00:33,  1.24it/s, loss=15.3, sdf=15.30, vae=8.1e-5]
Epoch 0:   5%|▍         | 2/43 [00:01<00:33,  1.23it/s, loss=14, sdf=12.60, vae=8.31e-5] 
Epoch 0:   7%|▋         | 3/43 [00:01<00:22,  1.75it/s, loss=14, sdf=12.60, vae=8.31e-5]
Epoch 0:   7%|▋         | 3/43 [00:01<00:22,  1.75it/s, loss=14, sdf=12.60, vae=8.31e-5]
Epoch 0:   7%|▋         | 3/43 [00:01<00:22,  1.74it/s, loss=12.3, sdf=9.030, vae=8.52e-5]
Epoch 0:   9%|▉         | 4/43 [00:01<00:17,  2.19it/s, loss=12.3, sdf=9.030, vae=8.52e-5]
Epoch 0:   9%|▉         | 4/43 [00:01<00:17,  2.19it/s, loss=12.3, sdf=9.030, vae=8.52e-5]
Epoch 0:   9%|▉         | 4/43 [00:01<00:17,  2.18it/s, loss=10.6, sdf=5.640, vae=8.95e-5]
Epoch 0:  12%|█▏        | 5/43 [00:01<00:14,  2.59it/s, loss=10.6, sdf=5.640, vae=8.95e-5]
Epoch 0:  12%|█▏        | 5/43 [00:01<00:14,  2.59it/s, loss=10.6, sdf=5.640, vae=8.95e-5]
Epoch 0:  12%|█▏        | 5/43 [00:01<00:14,  2.58it/s, loss=9.37, sdf=4.290, vae=9.53e-5]
Epoch 0:  14%|█▍        | 6/43 [00:02<00:12,  2.95it/s, loss=9.37, sdf=4.290, vae=9.53e-5]
Epoch 0:  14%|█▍        | 6/43 [00:02<00:12,  2.95it/s, loss=9.37, sdf=4.290, vae=9.53e-5]
Epoch 0:  14%|█▍        | 6/43 [00:02<00:12,  2.94it/s, loss=8.35, sdf=3.240, vae=0.0001] 
Epoch 0:  16%|█▋        | 7/43 [00:02<00:10,  3.27it/s, loss=8.35, sdf=3.240, vae=0.0001]
Epoch 0:  16%|█▋        | 7/43 [00:02<00:10,  3.27it/s, loss=8.35, sdf=3.240, vae=0.0001]
Epoch 0:  16%|█▋        | 7/43 [00:02<00:11,  3.26it/s, loss=7.47, sdf=2.190, vae=0.000109]
Epoch 0:  19%|█▊        | 8/43 [00:02<00:09,  3.57it/s, loss=7.47, sdf=2.190, vae=0.000109]
Epoch 0:  19%|█▊        | 8/43 [00:02<00:09,  3.57it/s, loss=7.47, sdf=2.190, vae=0.000109]
Epoch 0:  19%|█▊        | 8/43 [00:02<00:09,  3.55it/s, loss=6.75, sdf=1.700, vae=0.000116]
Epoch 0:  21%|██        | 9/43 [00:02<00:08,  3.84it/s, loss=6.75, sdf=1.700, vae=0.000116]
Epoch 0:  21%|██        | 9/43 [00:02<00:08,  3.84it/s, loss=6.75, sdf=1.700, vae=0.000116]
Epoch 0:  21%|██        | 9/43 [00:02<00:08,  3.82it/s, loss=6.15, sdf=1.320, vae=0.000122]
Epoch 0:  23%|██▎       | 10/43 [00:02<00:08,  4.08it/s, loss=6.15, sdf=1.320, vae=0.000122]
Epoch 0:  23%|██▎       | 10/43 [00:02<00:08,  4.08it/s, loss=6.15, sdf=1.320, vae=0.000122]
Epoch 0:  23%|██▎       | 10/43 [00:02<00:08,  4.06it/s, loss=5.65, sdf=1.210, vae=0.000131]
Epoch 0:  26%|██▌       | 11/43 [00:02<00:07,  4.30it/s, loss=5.65, sdf=1.210, vae=0.000131]
Epoch 0:  26%|██▌       | 11/43 [00:02<00:07,  4.30it/s, loss=5.65, sdf=1.210, vae=0.000131]
Epoch 0:  26%|██▌       | 11/43 [00:02<00:07,  4.29it/s, loss=5.22, sdf=0.855, vae=0.000141]
Epoch 0:  28%|██▊       | 12/43 [00:02<00:06,  4.51it/s, loss=5.22, sdf=0.855, vae=0.000141]
Epoch 0:  28%|██▊       | 12/43 [00:02<00:06,  4.51it/s, loss=5.22, sdf=0.855, vae=0.000141]
Epoch 0:  28%|██▊       | 12/43 [00:02<00:06,  4.50it/s, loss=4.83, sdf=0.635, vae=0.000151]
Epoch 0:  30%|███       | 13/43 [00:02<00:06,  4.70it/s, loss=4.83, sdf=0.635, vae=0.000151]
Epoch 0:  30%|███       | 13/43 [00:02<00:06,  4.70it/s, loss=4.83, sdf=0.635, vae=0.000151]
Epoch 0:  30%|███       | 13/43 [00:02<00:06,  4.69it/s, loss=4.51, sdf=0.640, vae=0.000158]
Epoch 0:  33%|███▎      | 14/43 [00:02<00:05,  4.88it/s, loss=4.51, sdf=0.640, vae=0.000158]
Epoch 0:  33%|███▎      | 14/43 [00:02<00:05,  4.88it/s, loss=4.51, sdf=0.640, vae=0.000158]
Epoch 0:  33%|███▎      | 14/43 [00:02<00:05,  4.87it/s, loss=4.23, sdf=0.517, vae=0.000167]
Epoch 0:  35%|███▍      | 15/43 [00:02<00:05,  5.05it/s, loss=4.23, sdf=0.517, vae=0.000167]
Epoch 0:  35%|███▍      | 15/43 [00:02<00:05,  5.05it/s, loss=4.23, sdf=0.517, vae=0.000167]
Epoch 0:  35%|███▍      | 15/43 [00:02<00:05,  5.03it/s, loss=3.97, sdf=0.425, vae=0.000178]
Epoch 0:  37%|███▋      | 16/43 [00:03<00:05,  5.20it/s, loss=3.97, sdf=0.425, vae=0.000178]
Epoch 0:  37%|███▋      | 16/43 [00:03<00:05,  5.20it/s, loss=3.97, sdf=0.425, vae=0.000178]
Epoch 0:  37%|███▋      | 16/43 [00:03<00:05,  5.19it/s, loss=3.75, sdf=0.453, vae=0.000178]
Epoch 0:  40%|███▉      | 17/43 [00:03<00:04,  5.35it/s, loss=3.75, sdf=0.453, vae=0.000178]
Epoch 0:  40%|███▉      | 17/43 [00:03<00:04,  5.35it/s, loss=3.75, sdf=0.453, vae=0.000178]
Epoch 0:  40%|███▉      | 17/43 [00:03<00:04,  5.33it/s, loss=3.55, sdf=0.343, vae=0.000189]
Epoch 0:  42%|████▏     | 18/43 [00:03<00:04,  5.48it/s, loss=3.55, sdf=0.343, vae=0.000189]
Epoch 0:  42%|████▏     | 18/43 [00:03<00:04,  5.48it/s, loss=3.55, sdf=0.343, vae=0.000189]
Epoch 0:  42%|████▏     | 18/43 [00:03<00:04,  5.47it/s, loss=3.37, sdf=0.350, vae=0.000191]
Epoch 0:  44%|████▍     | 19/43 [00:03<00:04,  5.61it/s, loss=3.37, sdf=0.350, vae=0.000191]
Epoch 0:  44%|████▍     | 19/43 [00:03<00:04,  5.61it/s, loss=3.37, sdf=0.350, vae=0.000191]
Epoch 0:  44%|████▍     | 19/43 [00:03<00:04,  5.59it/s, loss=3.21, sdf=0.268, vae=0.000209]
Epoch 0:  47%|████▋     | 20/43 [00:03<00:04,  5.73it/s, loss=3.21, sdf=0.268, vae=0.000209]
Epoch 0:  47%|████▋     | 20/43 [00:03<00:04,  5.73it/s, loss=3.21, sdf=0.268, vae=0.000209]
Epoch 0:  47%|████▋     | 20/43 [00:03<00:04,  5.71it/s, loss=3.06, sdf=0.196, vae=0.000221]
Epoch 0:  49%|████▉     | 21/43 [00:03<00:03,  5.84it/s, loss=3.06, sdf=0.196, vae=0.000221]
Epoch 0:  49%|████▉     | 21/43 [00:03<00:03,  5.84it/s, loss=3.06, sdf=0.196, vae=0.000221]
Epoch 0:  49%|████▉     | 21/43 [00:03<00:03,  5.83it/s, loss=2.31, sdf=0.283, vae=0.000216]
Epoch 0:  51%|█████     | 22/43 [00:03<00:03,  5.95it/s, loss=2.31, sdf=0.283, vae=0.000216]
Epoch 0:  51%|█████     | 22/43 [00:03<00:03,  5.95it/s, loss=2.31, sdf=0.283, vae=0.000216]
Epoch 0:  51%|█████     | 22/43 [00:03<00:03,  5.93it/s, loss=1.69, sdf=0.208, vae=0.00023] 
Epoch 0:  53%|█████▎    | 23/43 [00:03<00:03,  6.04it/s, loss=1.69, sdf=0.208, vae=0.00023]
Epoch 0:  53%|█████▎    | 23/43 [00:03<00:03,  6.04it/s, loss=1.69, sdf=0.208, vae=0.00023]
Epoch 0:  53%|█████▎    | 23/43 [00:03<00:03,  6.03it/s, loss=1.25, sdf=0.205, vae=0.000225]
Epoch 0:  56%|█████▌    | 24/43 [00:03<00:03,  6.14it/s, loss=1.25, sdf=0.205, vae=0.000225]
Epoch 0:  56%|█████▌    | 24/43 [00:03<00:03,  6.14it/s, loss=1.25, sdf=0.205, vae=0.000225]
Epoch 0:  56%|█████▌    | 24/43 [00:03<00:03,  6.12it/s, loss=0.975, sdf=0.173, vae=0.000243]
Epoch 0:  58%|█████▊    | 25/43 [00:04<00:02,  6.23it/s, loss=0.975, sdf=0.173, vae=0.000243]
Epoch 0:  58%|█████▊    | 25/43 [00:04<00:02,  6.23it/s, loss=0.975, sdf=0.173, vae=0.000243]
Epoch 0:  58%|█████▊    | 25/43 [00:04<00:02,  6.21it/s, loss=0.769, sdf=0.173, vae=0.000243]
Epoch 0:  60%|██████    | 26/43 [00:04<00:02,  6.30it/s, loss=0.769, sdf=0.173, vae=0.000243]
Epoch 0:  60%|██████    | 26/43 [00:04<00:02,  6.30it/s, loss=0.769, sdf=0.173, vae=0.000243]
Epoch 0:  60%|██████    | 26/43 [00:04<00:02,  6.29it/s, loss=0.616, sdf=0.173, vae=0.000253]
Epoch 0:  63%|██████▎   | 27/43 [00:04<00:02,  6.38it/s, loss=0.616, sdf=0.173, vae=0.000253]
Epoch 0:  63%|██████▎   | 27/43 [00:04<00:02,  6.38it/s, loss=0.616, sdf=0.173, vae=0.000253]
Epoch 0:  63%|██████▎   | 27/43 [00:04<00:02,  6.37it/s, loss=0.516, sdf=0.180, vae=0.000229]
Epoch 0:  65%|██████▌   | 28/43 [00:04<00:02,  6.46it/s, loss=0.516, sdf=0.180, vae=0.000229]
Epoch 0:  65%|██████▌   | 28/43 [00:04<00:02,  6.46it/s, loss=0.516, sdf=0.180, vae=0.000229]
Epoch 0:  65%|██████▌   | 28/43 [00:04<00:02,  6.44it/s, loss=0.437, sdf=0.141, vae=0.000258]
Epoch 0:  67%|██████▋   | 29/43 [00:04<00:02,  6.53it/s, loss=0.437, sdf=0.141, vae=0.000258]
Epoch 0:  67%|██████▋   | 29/43 [00:04<00:02,  6.53it/s, loss=0.437, sdf=0.141, vae=0.000258]
Epoch 0:  67%|██████▋   | 29/43 [00:04<00:02,  6.52it/s, loss=0.379, sdf=0.155, vae=0.000246]
Epoch 0:  70%|██████▉   | 30/43 [00:04<00:01,  6.60it/s, loss=0.379, sdf=0.155, vae=0.000246]
Epoch 0:  70%|██████▉   | 30/43 [00:04<00:01,  6.60it/s, loss=0.379, sdf=0.155, vae=0.000246]
Epoch 0:  70%|██████▉   | 30/43 [00:04<00:01,  6.59it/s, loss=0.326, sdf=0.151, vae=0.000251]
Epoch 0:  72%|███████▏  | 31/43 [00:04<00:01,  6.67it/s, loss=0.326, sdf=0.151, vae=0.000251]
Epoch 0:  72%|███████▏  | 31/43 [00:04<00:01,  6.67it/s, loss=0.326, sdf=0.151, vae=0.000251]
Epoch 0:  72%|███████▏  | 31/43 [00:04<00:01,  6.66it/s, loss=0.292, sdf=0.166, vae=0.000233]
Epoch 0:  74%|███████▍  | 32/43 [00:04<00:01,  6.73it/s, loss=0.292, sdf=0.166, vae=0.000233]
Epoch 0:  74%|███████▍  | 32/43 [00:04<00:01,  6.73it/s, loss=0.292, sdf=0.166, vae=0.000233]
Epoch 0:  74%|███████▍  | 32/43 [00:04<00:01,  6.72it/s, loss=0.268, sdf=0.151, vae=0.000246]
Epoch 0:  77%|███████▋  | 33/43 [00:04<00:01,  6.80it/s, loss=0.268, sdf=0.151, vae=0.000246]
Epoch 0:  77%|███████▋  | 33/43 [00:04<00:01,  6.80it/s, loss=0.268, sdf=0.151, vae=0.000246]
Epoch 0:  77%|███████▋  | 33/43 [00:04<00:01,  6.78it/s, loss=0.244, sdf=0.175, vae=0.000283]
Epoch 0:  79%|███████▉  | 34/43 [00:04<00:01,  6.86it/s, loss=0.244, sdf=0.175, vae=0.000283]
Epoch 0:  79%|███████▉  | 34/43 [00:04<00:01,  6.86it/s, loss=0.244, sdf=0.175, vae=0.000283]
Epoch 0:  79%|███████▉  | 34/43 [00:04<00:01,  6.84it/s, loss=0.226, sdf=0.151, vae=0.000267]
Epoch 0:  81%|████████▏ | 35/43 [00:05<00:01,  6.91it/s, loss=0.226, sdf=0.151, vae=0.000267]
Epoch 0:  81%|████████▏ | 35/43 [00:05<00:01,  6.91it/s, loss=0.226, sdf=0.151, vae=0.000267]
Epoch 0:  81%|████████▏ | 35/43 [00:05<00:01,  6.90it/s, loss=0.212, sdf=0.148, vae=0.000283]
Epoch 0:  84%|████████▎ | 36/43 [00:05<00:01,  6.97it/s, loss=0.212, sdf=0.148, vae=0.000283]
Epoch 0:  84%|████████▎ | 36/43 [00:05<00:01,  6.97it/s, loss=0.212, sdf=0.148, vae=0.000283]
Epoch 0:  84%|████████▎ | 36/43 [00:05<00:01,  6.96it/s, loss=0.198, sdf=0.163, vae=0.000291]
Epoch 0:  86%|████████▌ | 37/43 [00:05<00:00,  7.02it/s, loss=0.198, sdf=0.163, vae=0.000291]
Epoch 0:  86%|████████▌ | 37/43 [00:05<00:00,  7.02it/s, loss=0.198, sdf=0.163, vae=0.000291]
Epoch 0:  86%|████████▌ | 37/43 [00:05<00:00,  7.01it/s, loss=0.192, sdf=0.225, vae=0.000269]
Epoch 0:  88%|████████▊ | 38/43 [00:05<00:00,  7.07it/s, loss=0.192, sdf=0.225, vae=0.000269]
Epoch 0:  88%|████████▊ | 38/43 [00:05<00:00,  7.07it/s, loss=0.192, sdf=0.225, vae=0.000269]
Epoch 0:  88%|████████▊ | 38/43 [00:05<00:00,  7.06it/s, loss=0.179, sdf=0.0917, vae=0.000275]
Epoch 0:  91%|█████████ | 39/43 [00:05<00:00,  7.13it/s, loss=0.179, sdf=0.0917, vae=0.000275]
Epoch 0:  91%|█████████ | 39/43 [00:05<00:00,  7.13it/s, loss=0.179, sdf=0.0917, vae=0.000275]
Epoch 0:  91%|█████████ | 39/43 [00:05<00:00,  7.11it/s, loss=0.172, sdf=0.124, vae=0.000304] 
Epoch 0:  93%|█████████▎| 40/43 [00:05<00:00,  7.18it/s, loss=0.172, sdf=0.124, vae=0.000304]
Epoch 0:  93%|█████████▎| 40/43 [00:05<00:00,  7.18it/s, loss=0.172, sdf=0.124, vae=0.000304]
Epoch 0:  93%|█████████▎| 40/43 [00:05<00:00,  7.16it/s, loss=0.168, sdf=0.118, vae=0.000252]
Epoch 0:  95%|█████████▌| 41/43 [00:05<00:00,  7.22it/s, loss=0.168, sdf=0.118, vae=0.000252]
Epoch 0:  95%|█████████▌| 41/43 [00:05<00:00,  7.22it/s, loss=0.168, sdf=0.118, vae=0.000252]
Epoch 0:  95%|█████████▌| 41/43 [00:05<00:00,  7.21it/s, loss=0.16, sdf=0.131, vae=0.000271] 
Epoch 0:  98%|█████████▊| 42/43 [00:05<00:00,  7.27it/s, loss=0.16, sdf=0.131, vae=0.000271]
Epoch 0:  98%|█████████▊| 42/43 [00:05<00:00,  7.27it/s, loss=0.16, sdf=0.131, vae=0.000271]
Epoch 0:  98%|█████████▊| 42/43 [00:05<00:00,  7.26it/s, loss=0.156, sdf=0.119, vae=0.000291]
Epoch 0: 100%|██████████| 43/43 [00:05<00:00,  7.31it/s, loss=0.156, sdf=0.119, vae=0.000291]
Epoch 0: 100%|██████████| 43/43 [00:05<00:00,  7.31it/s, loss=0.156, sdf=0.119, vae=0.000291]
Epoch 0: 100%|██████████| 43/43 [00:05<00:00,  7.30it/s, loss=0.153, sdf=0.154, vae=0.000233]
Epoch 0: 100%|██████████| 43/43 [00:05<00:00,  7.30it/s, loss=0.153, sdf=0.154, vae=0.000233]
Epoch 0:   0%|          | 0/43 [00:00<?, ?it/s, loss=0.153, sdf=0.154, vae=0.000233]         
Epoch 1:   0%|          | 0/43 [00:00<?, ?it/s, loss=0.153, sdf=0.154, vae=0.000233]
Epoch 1:   2%|▏         | 1/43 [00:00<00:33,  1.24it/s, loss=0.153, sdf=0.154, vae=0.000233]
Epoch 1:   2%|▏         | 1/43 [00:00<00:33,  1.24it/s, loss=0.153, sdf=0.154, vae=0.000233]
Epoch 1:   2%|▏         | 1/43 [00:00<00:34,  1.22it/s, loss=0.152, sdf=0.141, vae=0.000255]
Epoch 1:   5%|▍         | 2/43 [00:00<00:18,  2.18it/s, loss=0.152, sdf=0.141, vae=0.000255]
Epoch 1:   5%|▍         | 2/43 [00:00<00:18,  2.18it/s, loss=0.152, sdf=0.141, vae=0.000255]
Epoch 1:   5%|▍         | 2/43 [00:00<00:18,  2.16it/s, loss=0.149, sdf=0.116, vae=0.000284]
Epoch 1:   7%|▋         | 3/43 [00:01<00:13,  2.94it/s, loss=0.149, sdf=0.116, vae=0.000284]
Epoch 1:   7%|▋         | 3/43 [00:01<00:13,  2.94it/s, loss=0.149, sdf=0.116, vae=0.000284]
Epoch 1:   7%|▋         | 3/43 [00:01<00:13,  2.91it/s, loss=0.146, sdf=0.116, vae=0.000264]
Epoch 1:   9%|▉         | 4/43 [00:01<00:10,  3.55it/s, loss=0.146, sdf=0.116, vae=0.000264]
Epoch 1:   9%|▉         | 4/43 [00:01<00:10,  3.55it/s, loss=0.146, sdf=0.116, vae=0.000264]
Epoch 1:   9%|▉         | 4/43 [00:01<00:11,  3.53it/s, loss=0.143, sdf=0.113, vae=0.000278]
Epoch 1:  12%|█▏        | 5/43 [00:01<00:09,  4.06it/s, loss=0.143, sdf=0.113, vae=0.000278]
Epoch 1:  12%|█▏        | 5/43 [00:01<00:09,  4.06it/s, loss=0.143, sdf=0.113, vae=0.000278]
Epoch 1:  12%|█▏        | 5/43 [00:01<00:09,  4.03it/s, loss=0.141, sdf=0.103, vae=0.000264]
Epoch 1:  14%|█▍        | 6/43 [00:01<00:08,  4.50it/s, loss=0.141, sdf=0.103, vae=0.000264]
Epoch 1:  14%|█▍        | 6/43 [00:01<00:08,  4.50it/s, loss=0.141, sdf=0.103, vae=0.000264]
Epoch 1:  14%|█▍        | 6/43 [00:01<00:08,  4.47it/s, loss=0.139, sdf=0.118, vae=0.000318]
Epoch 1:  16%|█▋        | 7/43 [00:01<00:07,  4.87it/s, loss=0.139, sdf=0.118, vae=0.000318]
Epoch 1:  16%|█▋        | 7/43 [00:01<00:07,  4.87it/s, loss=0.139, sdf=0.118, vae=0.000318]
Epoch 1:  16%|█▋        | 7/43 [00:01<00:07,  4.84it/s, loss=0.14, sdf=0.174, vae=0.000247] 
Epoch 1:  19%|█▊        | 8/43 [00:01<00:06,  5.19it/s, loss=0.14, sdf=0.174, vae=0.000247]
Epoch 1:  19%|█▊        | 8/43 [00:01<00:06,  5.19it/s, loss=0.14, sdf=0.174, vae=0.000247]
Epoch 1:  19%|█▊        | 8/43 [00:01<00:06,  5.16it/s, loss=0.14, sdf=0.154, vae=0.00027] 
Epoch 1:  21%|██        | 9/43 [00:01<00:06,  5.47it/s, loss=0.14, sdf=0.154, vae=0.00027]
Epoch 1:  21%|██        | 9/43 [00:01<00:06,  5.47it/s, loss=0.14, sdf=0.154, vae=0.00027]
Epoch 1:  21%|██        | 9/43 [00:01<00:06,  5.44it/s, loss=0.138, sdf=0.121, vae=0.000262]
Epoch 1:  23%|██▎       | 10/43 [00:01<00:05,  5.72it/s, loss=0.138, sdf=0.121, vae=0.000262]
Epoch 1:  23%|██▎       | 10/43 [00:01<00:05,  5.72it/s, loss=0.138, sdf=0.121, vae=0.000262]
Epoch 1:  23%|██▎       | 10/43 [00:01<00:05,  5.70it/s, loss=0.135, sdf=0.105, vae=0.000283]
Epoch 1:  26%|██▌       | 11/43 [00:01<00:05,  5.94it/s, loss=0.135, sdf=0.105, vae=0.000283]
Epoch 1:  26%|██▌       | 11/43 [00:01<00:05,  5.94it/s, loss=0.135, sdf=0.105, vae=0.000283]
Epoch 1:  26%|██▌       | 11/43 [00:01<00:05,  5.92it/s, loss=0.133, sdf=0.125, vae=0.000289]
Epoch 1:  28%|██▊       | 12/43 [00:01<00:05,  6.14it/s, loss=0.133, sdf=0.125, vae=0.000289]
Epoch 1:  28%|██▊       | 12/43 [00:01<00:05,  6.14it/s, loss=0.133, sdf=0.125, vae=0.000289]
Epoch 1:  28%|██▊       | 12/43 [00:01<00:05,  6.11it/s, loss=0.132, sdf=0.125, vae=0.000247]
Epoch 1:  30%|███       | 13/43 [00:02<00:04,  6.31it/s, loss=0.132, sdf=0.125, vae=0.000247]
Epoch 1:  30%|███       | 13/43 [00:02<00:04,  6.31it/s, loss=0.132, sdf=0.125, vae=0.000247]
Epoch 1:  30%|███       | 13/43 [00:02<00:04,  6.29it/s, loss=0.131, sdf=0.148, vae=0.000266]
Epoch 1:  33%|███▎      | 14/43 [00:02<00:04,  6.48it/s, loss=0.131, sdf=0.148, vae=0.000266]
Epoch 1:  33%|███▎      | 14/43 [00:02<00:04,  6.48it/s, loss=0.131, sdf=0.148, vae=0.000266]
Epoch 1:  33%|███▎      | 14/43 [00:02<00:04,  6.45it/s, loss=0.128, sdf=0.162, vae=0.000282]
Epoch 1:  35%|███▍      | 15/43 [00:02<00:04,  6.62it/s, loss=0.128, sdf=0.162, vae=0.000282]
Epoch 1:  35%|███▍      | 15/43 [00:02<00:04,  6.62it/s, loss=0.128, sdf=0.162, vae=0.000282]
Epoch 1:  35%|███▍      | 15/43 [00:02<00:04,  6.60it/s, loss=0.13, sdf=0.120, vae=0.000292] 
Epoch 1:  37%|███▋      | 16/43 [00:02<00:03,  6.75it/s, loss=0.13, sdf=0.120, vae=0.000292]
Epoch 1:  37%|███▋      | 16/43 [00:02<00:03,  6.75it/s, loss=0.13, sdf=0.120, vae=0.000292]
Epoch 1:  37%|███▋      | 16/43 [00:02<00:04,  6.73it/s, loss=0.129, sdf=0.109, vae=0.000286]
Epoch 1:  40%|███▉      | 17/43 [00:02<00:03,  6.87it/s, loss=0.129, sdf=0.109, vae=0.000286]
Epoch 1:  40%|███▉      | 17/43 [00:02<00:03,  6.87it/s, loss=0.129, sdf=0.109, vae=0.000286]
Epoch 1:  40%|███▉      | 17/43 [00:02<00:03,  6.85it/s, loss=0.13, sdf=0.138, vae=0.000247] 
Epoch 1:  42%|████▏     | 18/43 [00:02<00:03,  6.98it/s, loss=0.13, sdf=0.138, vae=0.000247]
Epoch 1:  42%|████▏     | 18/43 [00:02<00:03,  6.98it/s, loss=0.13, sdf=0.138, vae=0.000247]
Epoch 1:  42%|████▏     | 18/43 [00:02<00:03,  6.96it/s, loss=0.128, sdf=0.0922, vae=0.000305]
Epoch 1:  44%|████▍     | 19/43 [00:02<00:03,  7.09it/s, loss=0.128, sdf=0.0922, vae=0.000305]
Epoch 1:  44%|████▍     | 19/43 [00:02<00:03,  7.08it/s, loss=0.128, sdf=0.0922, vae=0.000305]
Epoch 1:  44%|████▍     | 19/43 [00:02<00:03,  7.06it/s, loss=0.13, sdf=0.161, vae=0.000256]  
Epoch 1:  47%|████▋     | 20/43 [00:02<00:03,  7.18it/s, loss=0.13, sdf=0.161, vae=0.000256]
Epoch 1:  47%|████▋     | 20/43 [00:02<00:03,  7.18it/s, loss=0.13, sdf=0.161, vae=0.000256]
Epoch 1:  47%|████▋     | 20/43 [00:02<00:03,  7.16it/s, loss=0.127, sdf=0.0957, vae=0.000301]
Epoch 1:  49%|████▉     | 21/43 [00:02<00:03,  7.27it/s, loss=0.127, sdf=0.0957, vae=0.000301]
Epoch 1:  49%|████▉     | 21/43 [00:02<00:03,  7.27it/s, loss=0.127, sdf=0.0957, vae=0.000301]
Epoch 1:  49%|████▉     | 21/43 [00:02<00:03,  7.25it/s, loss=0.125, sdf=0.0907, vae=0.000306]
Epoch 1:  51%|█████     | 22/43 [00:02<00:02,  7.35it/s, loss=0.125, sdf=0.0907, vae=0.000306]
Epoch 1:  51%|█████     | 22/43 [00:02<00:02,  7.35it/s, loss=0.125, sdf=0.0907, vae=0.000306]
Epoch 1:  51%|█████     | 22/43 [00:03<00:02,  7.33it/s, loss=0.124, sdf=0.112, vae=0.000316] 
Epoch 1:  53%|█████▎    | 23/43 [00:03<00:02,  7.43it/s, loss=0.124, sdf=0.112, vae=0.000316]
Epoch 1:  53%|█████▎    | 23/43 [00:03<00:02,  7.43it/s, loss=0.124, sdf=0.112, vae=0.000316]
Epoch 1:  53%|█████▎    | 23/43 [00:03<00:02,  7.41it/s, loss=0.123, sdf=0.0938, vae=0.000267]
Epoch 1:  56%|█████▌    | 24/43 [00:03<00:02,  7.50it/s, loss=0.123, sdf=0.0938, vae=0.000267]
Epoch 1:  56%|█████▌    | 24/43 [00:03<00:02,  7.50it/s, loss=0.123, sdf=0.0938, vae=0.000267]
Epoch 1:  56%|█████▌    | 24/43 [00:03<00:02,  7.48it/s, loss=0.123, sdf=0.105, vae=0.000275] 
Epoch 1:  58%|█████▊    | 25/43 [00:03<00:02,  7.56it/s, loss=0.123, sdf=0.105, vae=0.000275]
Epoch 1:  58%|█████▊    | 25/43 [00:03<00:02,  7.56it/s, loss=0.123, sdf=0.105, vae=0.000275]
Epoch 1:  58%|█████▊    | 25/43 [00:03<00:02,  7.54it/s, loss=0.122, sdf=0.0885, vae=0.000306]
Epoch 1:  60%|██████    | 26/43 [00:03<00:02,  7.62it/s, loss=0.122, sdf=0.0885, vae=0.000306]
Epoch 1:  60%|██████    | 26/43 [00:03<00:02,  7.61it/s, loss=0.122, sdf=0.0885, vae=0.000306]
Epoch 1:  60%|██████    | 26/43 [00:03<00:02,  7.60it/s, loss=0.121, sdf=0.104, vae=0.000279] 
Epoch 1:  63%|██████▎   | 27/43 [00:03<00:02,  7.67it/s, loss=0.121, sdf=0.104, vae=0.000279]
Epoch 1:  63%|██████▎   | 27/43 [00:03<00:02,  7.67it/s, loss=0.121, sdf=0.104, vae=0.000279]
Epoch 1:  63%|██████▎   | 27/43 [00:03<00:02,  7.66it/s, loss=0.121, sdf=0.163, vae=0.000252]
Epoch 1:  65%|██████▌   | 28/43 [00:03<00:01,  7.73it/s, loss=0.121, sdf=0.163, vae=0.000252]
Epoch 1:  65%|██████▌   | 28/43 [00:03<00:01,  7.73it/s, loss=0.121, sdf=0.163, vae=0.000252]
Epoch 1:  65%|██████▌   | 28/43 [00:03<00:01,  7.71it/s, loss=0.119, sdf=0.113, vae=0.000273]
Epoch 1:  67%|██████▋   | 29/43 [00:03<00:01,  7.79it/s, loss=0.119, sdf=0.113, vae=0.000273]
Epoch 1:  67%|██████▋   | 29/43 [00:03<00:01,  7.79it/s, loss=0.119, sdf=0.113, vae=0.000273]
Epoch 1:  67%|██████▋   | 29/43 [00:03<00:01,  7.77it/s, loss=0.117, sdf=0.0782, vae=0.000258]
Epoch 1:  70%|██████▉   | 30/43 [00:03<00:01,  7.83it/s, loss=0.117, sdf=0.0782, vae=0.000258]
Epoch 1:  70%|██████▉   | 30/43 [00:03<00:01,  7.83it/s, loss=0.117, sdf=0.0782, vae=0.000258]
Epoch 1:  70%|██████▉   | 30/43 [00:03<00:01,  7.81it/s, loss=0.116, sdf=0.0977, vae=0.000256]
Epoch 1:  72%|███████▏  | 31/43 [00:03<00:01,  7.88it/s, loss=0.116, sdf=0.0977, vae=0.000256]
Epoch 1:  72%|███████▏  | 31/43 [00:03<00:01,  7.88it/s, loss=0.116, sdf=0.0977, vae=0.000256]
Epoch 1:  72%|███████▏  | 31/43 [00:03<00:01,  7.86it/s, loss=0.115, sdf=0.106, vae=0.000257] 
Epoch 1:  74%|███████▍  | 32/43 [00:04<00:01,  7.93it/s, loss=0.115, sdf=0.106, vae=0.000257]
Epoch 1:  74%|███████▍  | 32/43 [00:04<00:01,  7.93it/s, loss=0.115, sdf=0.106, vae=0.000257]
Epoch 1:  74%|███████▍  | 32/43 [00:04<00:01,  7.91it/s, loss=0.114, sdf=0.0988, vae=0.000279]
Epoch 1:  77%|███████▋  | 33/43 [00:04<00:01,  7.97it/s, loss=0.114, sdf=0.0988, vae=0.000279]
Epoch 1:  77%|███████▋  | 33/43 [00:04<00:01,  7.97it/s, loss=0.114, sdf=0.0988, vae=0.000279]
Epoch 1:  77%|███████▋  | 33/43 [00:04<00:01,  7.95it/s, loss=0.112, sdf=0.108, vae=0.000279] 
Epoch 1:  79%|███████▉  | 34/43 [00:04<00:01,  8.01it/s, loss=0.112, sdf=0.108, vae=0.000279]
Epoch 1:  79%|███████▉  | 34/43 [00:04<00:01,  8.01it/s, loss=0.112, sdf=0.108, vae=0.000279]
Epoch 1:  79%|███████▉  | 34/43 [00:04<00:01,  7.99it/s, loss=0.109, sdf=0.0931, vae=0.00023]
Epoch 1:  81%|████████▏ | 35/43 [00:04<00:00,  8.05it/s, loss=0.109, sdf=0.0931, vae=0.00023]
Epoch 1:  81%|████████▏ | 35/43 [00:04<00:00,  8.05it/s, loss=0.109, sdf=0.0931, vae=0.00023]
Epoch 1:  81%|████████▏ | 35/43 [00:04<00:00,  8.04it/s, loss=0.109, sdf=0.121, vae=0.000282]
Epoch 1:  84%|████████▎ | 36/43 [00:04<00:00,  8.09it/s, loss=0.109, sdf=0.121, vae=0.000282]
Epoch 1:  84%|████████▎ | 36/43 [00:04<00:00,  8.09it/s, loss=0.109, sdf=0.121, vae=0.000282]
Epoch 1:  84%|████████▎ | 36/43 [00:04<00:00,  8.08it/s, loss=0.108, sdf=0.0974, vae=0.000297]
Epoch 1:  86%|████████▌ | 37/43 [00:04<00:00,  8.13it/s, loss=0.108, sdf=0.0974, vae=0.000297]
Epoch 1:  86%|████████▌ | 37/43 [00:04<00:00,  8.13it/s, loss=0.108, sdf=0.0974, vae=0.000297]
Epoch 1:  86%|████████▌ | 37/43 [00:04<00:00,  8.11it/s, loss=0.105, sdf=0.072, vae=0.00029]  
Epoch 1:  88%|████████▊ | 38/43 [00:04<00:00,  8.17it/s, loss=0.105, sdf=0.072, vae=0.00029]
Epoch 1:  88%|████████▊ | 38/43 [00:04<00:00,  8.17it/s, loss=0.105, sdf=0.072, vae=0.00029]
Epoch 1:  88%|████████▊ | 38/43 [00:04<00:00,  8.15it/s, loss=0.108, sdf=0.158, vae=0.000271]
Epoch 1:  91%|█████████ | 39/43 [00:04<00:00,  8.20it/s, loss=0.108, sdf=0.158, vae=0.000271]
Epoch 1:  91%|█████████ | 39/43 [00:04<00:00,  8.20it/s, loss=0.108, sdf=0.158, vae=0.000271]
Epoch 1:  91%|█████████ | 39/43 [00:04<00:00,  8.19it/s, loss=0.104, sdf=0.0855, vae=0.000291]
Epoch 1:  93%|█████████▎| 40/43 [00:04<00:00,  8.24it/s, loss=0.104, sdf=0.0855, vae=0.000291]
Epoch 1:  93%|█████████▎| 40/43 [00:04<00:00,  8.24it/s, loss=0.104, sdf=0.0855, vae=0.000291]
Epoch 1:  93%|█████████▎| 40/43 [00:04<00:00,  8.22it/s, loss=0.105, sdf=0.104, vae=0.000328] 
Epoch 1:  95%|█████████▌| 41/43 [00:04<00:00,  8.27it/s, loss=0.105, sdf=0.104, vae=0.000328]
Epoch 1:  95%|█████████▌| 41/43 [00:04<00:00,  8.27it/s, loss=0.105, sdf=0.104, vae=0.000328]
Epoch 1:  95%|█████████▌| 41/43 [00:04<00:00,  8.25it/s, loss=0.106, sdf=0.106, vae=0.000284]
Epoch 1:  98%|█████████▊| 42/43 [00:05<00:00,  8.30it/s, loss=0.106, sdf=0.106, vae=0.000284]
Epoch 1:  98%|█████████▊| 42/43 [00:05<00:00,  8.30it/s, loss=0.106, sdf=0.106, vae=0.000284]
Epoch 1:  98%|█████████▊| 42/43 [00:05<00:00,  8.29it/s, loss=0.107, sdf=0.143, vae=0.000261]
Epoch 1: 100%|██████████| 43/43 [00:05<00:00,  8.34it/s, loss=0.107, sdf=0.143, vae=0.000261]
Epoch 1: 100%|██████████| 43/43 [00:05<00:00,  8.32it/s, loss=0.107, sdf=0.102, vae=0.000292]
Epoch 1: 100%|██████████| 43/43 [00:05<00:00,  8.32it/s, loss=0.107, sdf=0.102, vae=0.000292]
Epoch 1:   0%|          | 0/43 [00:00<?, ?it/s, loss=0.107, sdf=0.102, vae=0.000292]         
Epoch 2:   0%|          | 0/43 [00:00<?, ?it/s, loss=0.107, sdf=0.102, vae=0.000292]
Epoch 2:   2%|▏         | 1/43 [00:00<00:34,  1.20it/s, loss=0.107, sdf=0.102, vae=0.000292]
Epoch 2:   2%|▏         | 1/43 [00:00<00:34,  1.20it/s, loss=0.107, sdf=0.102, vae=0.000292]
Epoch 2:   2%|▏         | 1/43 [00:00<00:35,  1.19it/s, loss=0.107, sdf=0.0871, vae=0.000264]
Epoch 2:   5%|▍         | 2/43 [00:00<00:19,  2.14it/s, loss=0.107, sdf=0.0871, vae=0.000264]
Epoch 2:   5%|▍         | 2/43 [00:00<00:19,  2.14it/s, loss=0.107, sdf=0.0871, vae=0.000264]
Epoch 2:   5%|▍         | 2/43 [00:00<00:19,  2.12it/s, loss=0.106, sdf=0.0691, vae=0.000248]
Epoch 2:   7%|▋         | 3/43 [00:01<00:13,  2.89it/s, loss=0.106, sdf=0.0691, vae=0.000248]
Epoch 2:   7%|▋         | 3/43 [00:01<00:13,  2.89it/s, loss=0.106, sdf=0.0691, vae=0.000248]
Epoch 2:   7%|▋         | 3/43 [00:01<00:13,  2.87it/s, loss=0.106, sdf=0.121, vae=0.00026]  
Epoch 2:   9%|▉         | 4/43 [00:01<00:11,  3.50it/s, loss=0.106, sdf=0.121, vae=0.00026]
Epoch 2:   9%|▉         | 4/43 [00:01<00:11,  3.50it/s, loss=0.106, sdf=0.121, vae=0.00026]
Epoch 2:   9%|▉         | 4/43 [00:01<00:11,  3.47it/s, loss=0.103, sdf=0.0845, vae=0.000264]
Epoch 2:  12%|█▏        | 5/43 [00:01<00:09,  4.00it/s, loss=0.103, sdf=0.0845, vae=0.000264]
Epoch 2:  12%|█▏        | 5/43 [00:01<00:09,  4.00it/s, loss=0.103, sdf=0.0845, vae=0.000264]
Epoch 2:  12%|█▏        | 5/43 [00:01<00:09,  3.97it/s, loss=0.102, sdf=0.105, vae=0.000285] 
Epoch 2:  14%|█▍        | 6/43 [00:01<00:08,  4.44it/s, loss=0.102, sdf=0.105, vae=0.000285]
Epoch 2:  14%|█▍        | 6/43 [00:01<00:08,  4.44it/s, loss=0.102, sdf=0.105, vae=0.000285]
Epoch 2:  14%|█▍        | 6/43 [00:01<00:08,  4.41it/s, loss=0.104, sdf=0.119, vae=0.000261]
Epoch 2:  16%|█▋        | 7/43 [00:01<00:07,  4.82it/s, loss=0.104, sdf=0.119, vae=0.000261]
Epoch 2:  16%|█▋        | 7/43 [00:01<00:07,  4.82it/s, loss=0.104, sdf=0.119, vae=0.000261]
Epoch 2:  16%|█▋        | 7/43 [00:01<00:07,  4.79it/s, loss=0.104, sdf=0.0931, vae=0.000243]
Epoch 2:  19%|█▊        | 8/43 [00:01<00:06,  5.14it/s, loss=0.104, sdf=0.0931, vae=0.000243]
Epoch 2:  19%|█▊        | 8/43 [00:01<00:06,  5.14it/s, loss=0.104, sdf=0.0931, vae=0.000243]
Epoch 2:  19%|█▊        | 8/43 [00:01<00:06,  5.12it/s, loss=0.104, sdf=0.108, vae=0.000258] 
Epoch 2:  21%|██        | 9/43 [00:01<00:06,  5.42it/s, loss=0.104, sdf=0.108, vae=0.000258]
Epoch 2:  21%|██        | 9/43 [00:01<00:06,  5.42it/s, loss=0.104, sdf=0.108, vae=0.000258]
Epoch 2:  21%|██        | 9/43 [00:01<00:06,  5.40it/s, loss=0.104, sdf=0.104, vae=0.00031] 
Epoch 2:  23%|██▎       | 10/43 [00:01<00:05,  5.68it/s, loss=0.104, sdf=0.104, vae=0.00031]
Epoch 2:  23%|██▎       | 10/43 [00:01<00:05,  5.68it/s, loss=0.104, sdf=0.104, vae=0.00031]
Epoch 2:  23%|██▎       | 10/43 [00:01<00:05,  5.65it/s, loss=0.105, sdf=0.114, vae=0.000288]
Epoch 2:  26%|██▌       | 11/43 [00:01<00:05,  5.90it/s, loss=0.105, sdf=0.114, vae=0.000288]
Epoch 2:  26%|██▌       | 11/43 [00:01<00:05,  5.90it/s, loss=0.105, sdf=0.114, vae=0.000288]
Epoch 2:  26%|██▌       | 11/43 [00:01<00:05,  5.87it/s, loss=0.105, sdf=0.102, vae=0.000256]
Epoch 2:  28%|██▊       | 12/43 [00:01<00:05,  6.10it/s, loss=0.105, sdf=0.102, vae=0.000256]
Epoch 2:  28%|██▊       | 12/43 [00:01<00:05,  6.10it/s, loss=0.105, sdf=0.102, vae=0.000256]
Epoch 2:  28%|██▊       | 12/43 [00:01<00:05,  6.07it/s, loss=0.103, sdf=0.0895, vae=0.000285]
Epoch 2:  30%|███       | 13/43 [00:02<00:04,  6.28it/s, loss=0.103, sdf=0.0895, vae=0.000285]
Epoch 2:  30%|███       | 13/43 [00:02<00:04,  6.28it/s, loss=0.103, sdf=0.0895, vae=0.000285]
Epoch 2:  30%|███       | 13/43 [00:02<00:04,  6.25it/s, loss=0.105, sdf=0.132, vae=0.000253] 
Epoch 2:  33%|███▎      | 14/43 [00:02<00:04,  6.44it/s, loss=0.105, sdf=0.132, vae=0.000253]
Epoch 2:  33%|███▎      | 14/43 [00:02<00:04,  6.44it/s, loss=0.105, sdf=0.132, vae=0.000253]
Epoch 2:  33%|███▎      | 14/43 [00:02<00:04,  6.41it/s, loss=0.107, sdf=0.114, vae=0.000257]
Epoch 2:  35%|███▍      | 15/43 [00:02<00:04,  6.59it/s, loss=0.107, sdf=0.114, vae=0.000257]
Epoch 2:  35%|███▍      | 15/43 [00:02<00:04,  6.59it/s, loss=0.107, sdf=0.114, vae=0.000257]
Epoch 2:  35%|███▍      | 15/43 [00:02<00:04,  6.56it/s, loss=0.104, sdf=0.0939, vae=0.00027]
Epoch 2:  37%|███▋      | 16/43 [00:02<00:04,  6.72it/s, loss=0.104, sdf=0.0939, vae=0.00027]
Epoch 2:  37%|███▋      | 16/43 [00:02<00:04,  6.72it/s, loss=0.104, sdf=0.0939, vae=0.00027]
Epoch 2:  37%|███▋      | 16/43 [00:02<00:04,  6.70it/s, loss=0.105, sdf=0.103, vae=0.000262]
Epoch 2:  40%|███▉      | 17/43 [00:02<00:03,  6.85it/s, loss=0.105, sdf=0.103, vae=0.000262]
Epoch 2:  40%|███▉      | 17/43 [00:02<00:03,  6.85it/s, loss=0.105, sdf=0.103, vae=0.000262]
Epoch 2:  40%|███▉      | 17/43 [00:02<00:03,  6.82it/s, loss=0.108, sdf=0.158, vae=0.000307]
Epoch 2:  42%|████▏     | 18/43 [00:02<00:03,  6.95it/s, loss=0.108, sdf=0.158, vae=0.000307]
Epoch 2:  42%|████▏     | 18/43 [00:02<00:03,  6.95it/s, loss=0.108, sdf=0.158, vae=0.000307]
Epoch 2:  42%|████▏     | 18/43 [00:02<00:03,  6.93it/s, loss=0.108, sdf=0.106, vae=0.000273]
Epoch 2:  44%|████▍     | 19/43 [00:02<00:03,  7.06it/s, loss=0.108, sdf=0.106, vae=0.000273]
Epoch 2:  44%|████▍     | 19/43 [00:02<00:03,  7.06it/s, loss=0.108, sdf=0.106, vae=0.000273]
Epoch 2:  44%|████▍     | 19/43 [00:02<00:03,  7.03it/s, loss=0.105, sdf=0.0857, vae=0.000273]
Epoch 2:  47%|████▋     | 20/43 [00:02<00:03,  7.15it/s, loss=0.105, sdf=0.0857, vae=0.000273]
Epoch 2:  47%|████▋     | 20/43 [00:02<00:03,  7.15it/s, loss=0.105, sdf=0.0857, vae=0.000273]
Epoch 2:  47%|████▋     | 20/43 [00:02<00:03,  7.13it/s, loss=0.104, sdf=0.0928, vae=0.000323]
Epoch 2:  49%|████▉     | 21/43 [00:02<00:03,  7.24it/s, loss=0.104, sdf=0.0928, vae=0.000323]
Epoch 2:  49%|████▉     | 21/43 [00:02<00:03,  7.24it/s, loss=0.104, sdf=0.0928, vae=0.000323]
Epoch 2:  49%|████▉     | 21/43 [00:02<00:03,  7.22it/s, loss=0.105, sdf=0.0973, vae=0.000306]
Epoch 2:  51%|█████     | 22/43 [00:03<00:02,  7.32it/s, loss=0.105, sdf=0.0973, vae=0.000306]
Epoch 2:  51%|█████     | 22/43 [00:03<00:02,  7.32it/s, loss=0.105, sdf=0.0973, vae=0.000306]
Epoch 2:  51%|█████     | 22/43 [00:03<00:02,  7.30it/s, loss=0.108, sdf=0.131, vae=0.000256] 
Epoch 2:  53%|█████▎    | 23/43 [00:03<00:02,  7.40it/s, loss=0.108, sdf=0.131, vae=0.000256]
Epoch 2:  53%|█████▎    | 23/43 [00:03<00:02,  7.40it/s, loss=0.108, sdf=0.131, vae=0.000256]
Epoch 2:  53%|█████▎    | 23/43 [00:03<00:02,  7.38it/s, loss=0.108, sdf=0.122, vae=0.00026] 
Epoch 2:  56%|█████▌    | 24/43 [00:03<00:02,  7.48it/s, loss=0.108, sdf=0.122, vae=0.00026]
Epoch 2:  56%|█████▌    | 24/43 [00:03<00:02,  7.48it/s, loss=0.108, sdf=0.122, vae=0.00026]
Epoch 2:  56%|█████▌    | 24/43 [00:03<00:02,  7.46it/s, loss=0.109, sdf=0.104, vae=0.000269]
Epoch 2:  58%|█████▊    | 25/43 [00:03<00:02,  7.54it/s, loss=0.109, sdf=0.104, vae=0.000269]
Epoch 2:  58%|█████▊    | 25/43 [00:03<00:02,  7.54it/s, loss=0.109, sdf=0.104, vae=0.000269]
Epoch 2:  58%|█████▊    | 25/43 [00:03<00:02,  7.52it/s, loss=0.109, sdf=0.107, vae=0.000299]
Epoch 2:  60%|██████    | 26/43 [00:03<00:02,  7.60it/s, loss=0.109, sdf=0.107, vae=0.000299]
Epoch 2:  60%|██████    | 26/43 [00:03<00:02,  7.60it/s, loss=0.109, sdf=0.107, vae=0.000299]
Epoch 2:  60%|██████    | 26/43 [00:03<00:02,  7.58it/s, loss=0.109, sdf=0.118, vae=0.000317]
Epoch 2:  63%|██████▎   | 27/43 [00:03<00:02,  7.66it/s, loss=0.109, sdf=0.118, vae=0.000317]
Epoch 2:  63%|██████▎   | 27/43 [00:03<00:02,  7.66it/s, loss=0.109, sdf=0.118, vae=0.000317]
Epoch 2:  63%|██████▎   | 27/43 [00:03<00:02,  7.64it/s, loss=0.109, sdf=0.0972, vae=0.000278]
Epoch 2:  65%|██████▌   | 28/43 [00:03<00:01,  7.72it/s, loss=0.109, sdf=0.0972, vae=0.000278]
Epoch 2:  65%|██████▌   | 28/43 [00:03<00:01,  7.72it/s, loss=0.109, sdf=0.0972, vae=0.000278]
Epoch 2:  65%|██████▌   | 28/43 [00:03<00:01,  7.70it/s, loss=0.111, sdf=0.147, vae=0.000276] 
Epoch 2:  67%|██████▋   | 29/43 [00:03<00:01,  7.77it/s, loss=0.111, sdf=0.147, vae=0.000276]
Epoch 2:  67%|██████▋   | 29/43 [00:03<00:01,  7.77it/s, loss=0.111, sdf=0.147, vae=0.000276]
Epoch 2:  67%|██████▋   | 29/43 [00:03<00:01,  7.75it/s, loss=0.111, sdf=0.096, vae=0.000273]
Epoch 2:  70%|██████▉   | 30/43 [00:03<00:01,  7.82it/s, loss=0.111, sdf=0.096, vae=0.000273]
Epoch 2:  70%|██████▉   | 30/43 [00:03<00:01,  7.82it/s, loss=0.111, sdf=0.096, vae=0.000273]
Epoch 2:  70%|██████▉   | 30/43 [00:03<00:01,  7.80it/s, loss=0.11, sdf=0.104, vae=0.00028]  
Epoch 2:  72%|███████▏  | 31/43 [00:03<00:01,  7.87it/s, loss=0.11, sdf=0.104, vae=0.00028]
Epoch 2:  72%|███████▏  | 31/43 [00:03<00:01,  7.87it/s, loss=0.11, sdf=0.104, vae=0.00028]
Epoch 2:  72%|███████▏  | 31/43 [00:03<00:01,  7.85it/s, loss=0.109, sdf=0.0768, vae=0.000301]
Epoch 2:  74%|███████▍  | 32/43 [00:04<00:01,  7.92it/s, loss=0.109, sdf=0.0768, vae=0.000301]
Epoch 2:  74%|███████▍  | 32/43 [00:04<00:01,  7.92it/s, loss=0.109, sdf=0.0768, vae=0.000301]
Epoch 2:  74%|███████▍  | 32/43 [00:04<00:01,  7.90it/s, loss=0.112, sdf=0.147, vae=0.000256] 
Epoch 2:  77%|███████▋  | 33/43 [00:04<00:01,  7.96it/s, loss=0.112, sdf=0.147, vae=0.000256]
Epoch 2:  77%|███████▋  | 33/43 [00:04<00:01,  7.96it/s, loss=0.112, sdf=0.147, vae=0.000256]
Epoch 2:  77%|███████▋  | 33/43 [00:04<00:01,  7.94it/s, loss=0.112, sdf=0.127, vae=0.000286]
Epoch 2:  79%|███████▉  | 34/43 [00:04<00:01,  8.00it/s, loss=0.112, sdf=0.127, vae=0.000286]
Epoch 2:  79%|███████▉  | 34/43 [00:04<00:01,  8.00it/s, loss=0.112, sdf=0.127, vae=0.000286]
Epoch 2:  79%|███████▉  | 34/43 [00:04<00:01,  7.99it/s, loss=0.112, sdf=0.111, vae=0.00032] 
Epoch 2:  81%|████████▏ | 35/43 [00:04<00:00,  8.04it/s, loss=0.112, sdf=0.111, vae=0.00032]
Epoch 2:  81%|████████▏ | 35/43 [00:04<00:00,  8.04it/s, loss=0.112, sdf=0.111, vae=0.00032]
Epoch 2:  81%|████████▏ | 35/43 [00:04<00:00,  8.03it/s, loss=0.112, sdf=0.0975, vae=0.000285]
Epoch 2:  84%|████████▎ | 36/43 [00:04<00:00,  8.08it/s, loss=0.112, sdf=0.0975, vae=0.000285]
Epoch 2:  84%|████████▎ | 36/43 [00:04<00:00,  8.08it/s, loss=0.112, sdf=0.0975, vae=0.000285]
Epoch 2:  84%|████████▎ | 36/43 [00:04<00:00,  8.06it/s, loss=0.111, sdf=0.0967, vae=0.000282]
Epoch 2:  86%|████████▌ | 37/43 [00:04<00:00,  8.12it/s, loss=0.111, sdf=0.0967, vae=0.000282]
Epoch 2:  86%|████████▌ | 37/43 [00:04<00:00,  8.12it/s, loss=0.111, sdf=0.0967, vae=0.000282]
Epoch 2:  86%|████████▌ | 37/43 [00:04<00:00,  8.10it/s, loss=0.108, sdf=0.0802, vae=0.000289]
Epoch 2:  88%|████████▊ | 38/43 [00:04<00:00,  8.15it/s, loss=0.108, sdf=0.0802, vae=0.000289]
Epoch 2:  88%|████████▊ | 38/43 [00:04<00:00,  8.15it/s, loss=0.108, sdf=0.0802, vae=0.000289]
Epoch 2:  88%|████████▊ | 38/43 [00:04<00:00,  8.14it/s, loss=0.108, sdf=0.114, vae=0.000309] 
Epoch 2:  91%|█████████ | 39/43 [00:04<00:00,  8.19it/s, loss=0.108, sdf=0.114, vae=0.000309]
Epoch 2:  91%|█████████ | 39/43 [00:04<00:00,  8.19it/s, loss=0.108, sdf=0.114, vae=0.000309]
Epoch 2:  91%|█████████ | 39/43 [00:04<00:00,  8.18it/s, loss=0.108, sdf=0.080, vae=0.000295]
Epoch 2:  93%|█████████▎| 40/43 [00:04<00:00,  8.23it/s, loss=0.108, sdf=0.080, vae=0.000295]
Epoch 2:  93%|█████████▎| 40/43 [00:04<00:00,  8.23it/s, loss=0.108, sdf=0.080, vae=0.000295]
Epoch 2:  93%|█████████▎| 40/43 [00:04<00:00,  8.21it/s, loss=0.107, sdf=0.0832, vae=0.000307]
Epoch 2:  95%|█████████▌| 41/43 [00:04<00:00,  8.26it/s, loss=0.107, sdf=0.0832, vae=0.000307]
Epoch 2:  95%|█████████▌| 41/43 [00:04<00:00,  8.26it/s, loss=0.107, sdf=0.0832, vae=0.000307]
Epoch 2:  95%|█████████▌| 41/43 [00:04<00:00,  8.25it/s, loss=0.11, sdf=0.145, vae=0.000256]  
Epoch 2:  98%|█████████▊| 42/43 [00:05<00:00,  8.29it/s, loss=0.11, sdf=0.145, vae=0.000256]
Epoch 2:  98%|█████████▊| 42/43 [00:05<00:00,  8.29it/s, loss=0.11, sdf=0.145, vae=0.000256]
Epoch 2:  98%|█████████▊| 42/43 [00:05<00:00,  8.28it/s, loss=0.111, sdf=0.157, vae=0.000249]
Epoch 2: 100%|██████████| 43/43 [00:05<00:00,  8.33it/s, loss=0.111, sdf=0.157, vae=0.000249]
Epoch 2: 100%|██████████| 43/43 [00:05<00:00,  8.33it/s, loss=0.111, sdf=0.157, vae=0.000249]
Epoch 2: 100%|██████████| 43/43 [00:05<00:00,  8.31it/s, loss=0.109, sdf=0.0936, vae=0.000288]
Epoch 2: 100%|██████████| 43/43 [00:05<00:00,  8.31it/s, loss=0.109, sdf=0.0936, vae=0.000288]
Epoch 2: 100%|██████████| 43/43 [00:08<00:00,  5.15it/s, loss=0.109, sdf=0.0936, vae=0.000288]
  [PASS] Training loss finite -- sdf=0.093568, vae=0.000288
  [PASS] Checkpoint saved -- /home/max/Documents/Diffusion-SDF/scripts/../verify_output/stage1/last.ckpt
loading 5 point clouds into memory...
  [PASS] Modulation extraction -- 5 latent vectors saved

============================================================
  STAGE 2: Diffusion Model Training (DDPM)
============================================================

data shape, dataset len:  torch.Size([768]) 5
loading ground truth point clouds...
  [PASS] Modulation loading -- 5 modulations loaded

Training: 0it [00:00, ?it/s]
Training:   0%|          | 0/1 [00:00<?, ?it/s]
Epoch 0:   0%|          | 0/1 [00:00<?, ?it/s] 
Epoch 0: 100%|██████████| 1/1 [00:00<00:00, 13.86it/s]
Epoch 0: 100%|██████████| 1/1 [00:00<00:00, 13.39it/s, loss=1.52, total=1.520, diff100=nan.0, diff1000=1.520]
Epoch 0: 100%|██████████| 1/1 [00:00<00:00, 13.29it/s, loss=1.52, total=1.520, diff100=nan.0, diff1000=1.520]
Epoch 0:   0%|          | 0/1 [00:00<?, ?it/s, loss=1.52, total=1.520, diff100=nan.0, diff1000=1.520]        
Epoch 1:   0%|          | 0/1 [00:00<?, ?it/s, loss=1.52, total=1.520, diff100=nan.0, diff1000=1.520]
Epoch 1: 100%|██████████| 1/1 [00:00<00:00, 15.88it/s, loss=1.52, total=1.520, diff100=nan.0, diff1000=1.520]
Epoch 1: 100%|██████████| 1/1 [00:00<00:00, 15.40it/s, loss=1.49, total=1.470, diff100=nan.0, diff1000=1.470]
Epoch 1: 100%|██████████| 1/1 [00:00<00:00, 15.26it/s, loss=1.49, total=1.470, diff100=nan.0, diff1000=1.470]
Epoch 1:   0%|          | 0/1 [00:00<?, ?it/s, loss=1.49, total=1.470, diff100=nan.0, diff1000=1.470]        
Epoch 2:   0%|          | 0/1 [00:00<?, ?it/s, loss=1.49, total=1.470, diff100=nan.0, diff1000=1.470]
Epoch 2: 100%|██████████| 1/1 [00:00<00:00, 15.37it/s, loss=1.49, total=1.470, diff100=nan.0, diff1000=1.470]
Epoch 2: 100%|██████████| 1/1 [00:00<00:00, 14.82it/s, loss=1.47, total=1.420, diff100=nan.0, diff1000=1.420]
Epoch 2: 100%|██████████| 1/1 [00:00<00:00, 14.69it/s, loss=1.47, total=1.420, diff100=nan.0, diff1000=1.420]
Epoch 2: 100%|██████████| 1/1 [00:01<00:00,  1.59s/it, loss=1.47, total=1.420, diff100=nan.0, diff1000=1.420]
  [PASS] Training loss finite -- total=1.416536
  [PASS] Checkpoint saved -- /home/max/Documents/Diffusion-SDF/scripts/../verify_output/stage2/last.ckpt

============================================================
  STAGE 3: End-to-End Combined Training
============================================================

  [PASS] Checkpoint loading (finetune)
loading all 5 files into memory...

Training: 0it [00:00, ?it/s]
Training:   0%|          | 0/1 [00:00<?, ?it/s]
Epoch 0:   0%|          | 0/1 [00:00<?, ?it/s] 
Epoch 0: 100%|██████████| 1/1 [00:00<00:00,  1.17it/s]
Epoch 0: 100%|██████████| 1/1 [00:00<00:00,  1.17it/s]
Epoch 0: 100%|██████████| 1/1 [00:00<00:00,  1.16it/s, loss=4.51, total=4.510, sdf=0.126, vae=0.000293, diff=4.190, gensdf=0.190]
Epoch 0: 100%|██████████| 1/1 [00:00<00:00,  1.15it/s, loss=4.51, total=4.510, sdf=0.126, vae=0.000293, diff=4.190, gensdf=0.190]
Epoch 0:   0%|          | 0/1 [00:00<?, ?it/s, loss=4.51, total=4.510, sdf=0.126, vae=0.000293, diff=4.190, gensdf=0.190]        
Epoch 1:   0%|          | 0/1 [00:00<?, ?it/s, loss=4.51, total=4.510, sdf=0.126, vae=0.000293, diff=4.190, gensdf=0.190]
Epoch 1: 100%|██████████| 1/1 [00:00<00:00,  1.01it/s, loss=4.51, total=4.510, sdf=0.126, vae=0.000293, diff=4.190, gensdf=0.190]
Epoch 1: 100%|██████████| 1/1 [00:00<00:00,  1.01it/s, loss=4.51, total=4.510, sdf=0.126, vae=0.000293, diff=4.190, gensdf=0.190]
Epoch 1: 100%|██████████| 1/1 [00:00<00:00,  1.00it/s, loss=3.91, total=3.320, sdf=0.306, vae=0.000171, diff=2.660, gensdf=0.350]
Epoch 1: 100%|██████████| 1/1 [00:00<00:00,  1.00it/s, loss=3.91, total=3.320, sdf=0.306, vae=0.000171, diff=2.660, gensdf=0.350]
Epoch 1:   0%|          | 0/1 [00:00<?, ?it/s, loss=3.91, total=3.320, sdf=0.306, vae=0.000171, diff=2.660, gensdf=0.350]        
Epoch 2:   0%|          | 0/1 [00:00<?, ?it/s, loss=3.91, total=3.320, sdf=0.306, vae=0.000171, diff=2.660, gensdf=0.350]
Epoch 2: 100%|██████████| 1/1 [00:00<00:00,  1.01it/s, loss=3.91, total=3.320, sdf=0.306, vae=0.000171, diff=2.660, gensdf=0.350]
Epoch 2: 100%|██████████| 1/1 [00:00<00:00,  1.01it/s, loss=3.91, total=3.320, sdf=0.306, vae=0.000171, diff=2.660, gensdf=0.350]
Epoch 2: 100%|██████████| 1/1 [00:00<00:00,  1.01it/s, loss=3.38, total=2.320, sdf=0.177, vae=0.000125, diff=1.930, gensdf=0.217]
Epoch 2: 100%|██████████| 1/1 [00:00<00:00,  1.01it/s, loss=3.38, total=2.320, sdf=0.177, vae=0.000125, diff=1.930, gensdf=0.217]
Epoch 2: 100%|██████████| 1/1 [00:05<00:00,  5.43s/it, loss=3.38, total=2.320, sdf=0.177, vae=0.000125, diff=1.930, gensdf=0.217]
  [PASS] Training loss finite -- total=2.324898, sdf=0.177248, diff=1.930730
  [PASS] Checkpoint saved

============================================================
  SUMMARY
============================================================

  [PASS] stage1
  [PASS] stage2
  [PASS] stage3

Overall: ALL STAGES PASSED
